// Jest Snapshot v1, https://goo.gl/fbAQLP

exports[`CounterComponent should do match to snapshot 1`] = `
<div
  id="root1"
>
  <div
    class="container"
  >
    <h1>
      counter 0
    </h1>
    <button
      class="btn btn-primary"
    >
       Incrementar 
    </button>
    <button
      class="btn btn-primary"
    >
       Decrementar 
    </button>
  </div>
</div>
`;
